<html>
 <head>
 <meta charset="Windows-1251">
 <title>Леандро Барбоза</title>
 <style>
  body {
   background-image: url(../../../images/background.jpg);
   background-attachment: fixed;
   background-size: cover;
  }
 </style>
 </head>
 <body>
  <div align="center">
   <a href="../../../index.html"><img src="../../../images/nba.png"></a>
   <br></br>
  </div>
  <a href="../../../teams/golden.html"><table bgcolor="white"><tr><td><font face="impact" color="red">&#9668;Назад</font></td></tr></table></a>
  <br></br>
  <div align="left">
   <table bgcolor="black">
    <tr>
     <td rowspan="9"><font face="impact" color="white"><img src="../../../teams/images/golden/1.jpg"></td>
     <td><font face="impact" color="white">Матчи</font></td>
     <td><font face="impact" color="white">66</font></td>
     <td><font face="impact" color="white"></font></td>
     <td><font face="impact" color="white">Передачи (всего/среднее)</font></td>
     <td><font face="impact" color="white">99</font></td>
     <td><font face="impact" color="white">1.5</font></td>     
    </tr>
    <tr>
     <td><font face="impact" color="white">В основе</font></td>
     <td><font face="impact" color="white">1</font></td> 
     <td><font face="impact" color="white"></font></td>
     <td><font face="impact" color="white">Подборы в защите (всего/среднее)</font></td>
     <td><font face="impact" color="white">67</font></td>   
     <td><font face="impact" color="white">1</font></td>  
    </tr>
    <tr>
     <td><font face="impact" color="white">Время (всего/среднее)</font></td>
     <td><font face="impact" color="white">982:11</font></td>
     <td><font face="impact" color="white">14:53</font></td>
     <td><font face="impact" color="white">Подборы в атаке (всего/среднее)</font></td>
     <td><font face="impact" color="white">23</font></td>
     <td><font face="impact" color="white">0.3</font></td>   
    </tr>
    <tr>
     <td><font face="impact" color="white">Очки (всего/среднее)</font></td>
     <td><font face="impact" color="white">467</font></td>
     <td><font face="impact" color="white">7.1</font></td> 
     <td><font face="impact" color="white">Подборы (всего/среднее)</font></td>
     <td><font face="impact" color="white">90</font></td> 
     <td><font face="impact" color="white">1.4</font></td>    
    </tr>
    <tr>
     <td><font face="impact" color="white">2-очковые броски (всего/среднее)</font></td>
     <td><font face="impact" color="white">140/274</font></td>
     <td><font face="impact" color="white">2.1/4.2</font></td> 
     <td><font face="impact" color="white">Перехваты (всего/среднее)</font></td>
     <td><font face="impact" color="white">41</font></td> 
     <td><font face="impact" color="white">0.6</font></td>    
    </tr>
    <tr>
     <td><font face="impact" color="white">2-очковые броски (% реализации)</font></td>
     <td><font face="impact" color="white">51.1%</font></td>
     <td><font face="impact" color="white"></font></td> 
     <td><font face="impact" color="white">Потери (всего/среднее)</font></td>
     <td><font face="impact" color="white">44</font></td>  
     <td><font face="impact" color="white">0.7</font></td>   
    </tr>
    <tr>
     <td><font face="impact" color="white">3-очковые броски (всего/среднее)</font></td>
     <td><font face="impact" color="white">43/112</font></td>
     <td><font face="impact" color="white">0.7/1.7</font></td> 
     <td><font face="impact" color="white">Блокшоты (всего/среднее)</font></td>
     <td><font face="impact" color="white">8</font></td>
     <td><font face="impact" color="white">0.1</font></td>     
    </tr>
    <tr>
     <td><font face="impact" color="white">3-очковые броски (% реализации)</font></td>
     <td><font face="impact" color="white">38.4%</font></td>
     <td><font face="impact" color="white"></font></td> 
     <td><font face="impact" color="white">Блокшоты соперника (всего/среднее)</font></td>
     <td><font face="impact" color="white">16</font></td>
     <td><font face="impact" color="white">0.2</font></td>     
    </tr>
    <tr>
     <td><font face="impact" color="white">Штрафные броски (всего/среднее)</font></td>
     <td><font face="impact" color="white">58/74</font></td>
     <td><font face="impact" color="white">0.9/1.1</font></td> 
     <td><font face="impact" color="white">Фолы (всего/среднее)</font></td>
     <td><font face="impact" color="white">87</font></td>   
     <td><font face="impact" color="white">1.3</font></td>  
    </tr>
    <tr>
     <td align="center"><font face="impact" color="white">Леонардо Барбоза</font></td>
     <td><font face="impact" color="white">Штрафные броски (% реализации)</font></td>
     <td><font face="impact" color="white">78.4%</font></td>
     <td><font face="impact" color="white"></font></td> 
     <td><font face="impact" color="white">Коэффициент полезности (всего/среднее)</font></td>
     <td><font face="impact" color="white">339</font></td>  
     <td><font face="impact" color="white">5.1</font></td>   
    </tr>
   </table>
  </div> 
 </body> 
</html>