<html>
 <head>
 <meta charset="Windows-1251">
 <title>Эндрю Богут</title>
 <style>
  body {
   background-image: url(../../../images/background.jpg);
   background-attachment: fixed;
   background-size: cover;
  }
 </style>
 </head>
 <body>
  <div align="center">
   <a href="../../../index.html"><img src="../../../images/nba.png"></a>
   <br></br>
  </div>
  <a href="../../../teams/golden.html"><table bgcolor="white"><tr><td><font face="impact" color="red">&#9668;Назад</font></td></tr></table></a>
  <br></br>
  <div align="left">
   <table bgcolor="black">
    <tr>
     <td rowspan="9"><font face="impact" color="white"><img src="../../../teams/images/golden/8.jpg"></td>
     <td><font face="impact" color="white">Матчи</font></td>
     <td><font face="impact" color="white">67</font></td>
     <td><font face="impact" color="white"></font></td>
     <td><font face="impact" color="white">Передачи (всего/среднее)</font></td>
     <td><font face="impact" color="white">180</font></td>
     <td><font face="impact" color="white">2.7</font></td>     
    </tr>
    <tr>
     <td><font face="impact" color="white">В основе</font></td>
     <td><font face="impact" color="white">65</font></td> 
     <td><font face="impact" color="white"></font></td>
     <td><font face="impact" color="white">Подборы в защите (всего/среднее)</font></td>
     <td><font face="impact" color="white">402</font></td>   
     <td><font face="impact" color="white">6</font></td>  
    </tr>
    <tr>
     <td><font face="impact" color="white">Время (всего/среднее)</font></td>
     <td><font face="impact" color="white">1582:32</font></td>
     <td><font face="impact" color="white">23:37</font></td>
     <td><font face="impact" color="white">Подборы в атаке (всего/среднее)</font></td>
     <td><font face="impact" color="white">141</font></td>
     <td><font face="impact" color="white">2.1</font></td>   
    </tr>
    <tr>
     <td><font face="impact" color="white">Очки (всего/среднее)</font></td>
     <td><font face="impact" color="white">422</font></td>
     <td><font face="impact" color="white">6.3</font></td> 
     <td><font face="impact" color="white">Подборы (всего/среднее)</font></td>
     <td><font face="impact" color="white">543</font></td> 
     <td><font face="impact" color="white">8.1</font></td>    
    </tr>
    <tr>
     <td><font face="impact" color="white">2-очковые броски (всего/среднее)</font></td>
     <td><font face="impact" color="white">200/355</font></td>
     <td><font face="impact" color="white">3/5.3</font></td> 
     <td><font face="impact" color="white">Перехваты (всего/среднее)</font></td>
     <td><font face="impact" color="white">39</font></td> 
     <td><font face="impact" color="white">0.6</font></td>    
    </tr>
    <tr>
     <td><font face="impact" color="white">2-очковые броски (% реализации)</font></td>
     <td><font face="impact" color="white">56.3%</font></td>
     <td><font face="impact" color="white"></font></td> 
     <td><font face="impact" color="white">Потери (всего/среднее)</font></td>
     <td><font face="impact" color="white">106</font></td>  
     <td><font face="impact" color="white">1.6</font></td>   
    </tr>
    <tr>
     <td><font face="impact" color="white">3-очковые броски (всего/среднее)</font></td>
     <td><font face="impact" color="white">0/0</font></td>
     <td><font face="impact" color="white">0/0</font></td> 
     <td><font face="impact" color="white">Блокшоты (всего/среднее)</font></td>
     <td><font face="impact" color="white">113</font></td>
     <td><font face="impact" color="white">1.7</font></td>     
    </tr>
    <tr>
     <td><font face="impact" color="white">3-очковые броски (% реализации)</font></td>
     <td><font face="impact" color="white">0%</font></td>
     <td><font face="impact" color="white"></font></td> 
     <td><font face="impact" color="white">Блокшоты соперника (всего/среднее)</font></td>
     <td><font face="impact" color="white">19</font></td>
     <td><font face="impact" color="white">0.3</font></td>     
    </tr>
    <tr>
     <td><font face="impact" color="white">Штрафные броски (всего/среднее)</font></td>
     <td><font face="impact" color="white">22/42</font></td>
     <td><font face="impact" color="white">0.3/0.6</font></td> 
     <td><font face="impact" color="white">Фолы (всего/среднее)</font></td>
     <td><font face="impact" color="white">188</font></td>   
     <td><font face="impact" color="white">2.8</font></td>  
    </tr>
    <tr>
     <td align="center"><font face="impact" color="white">Эндрю Богут</font></td>
     <td><font face="impact" color="white">Штрафные броски (% реализации)</font></td>
     <td><font face="impact" color="white">52.4%</font></td>
     <td><font face="impact" color="white"></font></td> 
     <td><font face="impact" color="white">Коэффициент полезности (всего/среднее)</font></td>
     <td><font face="impact" color="white">809</font></td>  
     <td><font face="impact" color="white">12.1</font></td>   
    </tr>
   </table>
  </div> 
 </body> 
</html>