<html>
 <head>
 <meta charset="Windows-1251">
 <title>Брэндон Раш</title>
 <style>
  body {
   background-image: url(../../../images/background.jpg);
   background-attachment: fixed;
   background-size: cover;
  }
 </style>
 </head>
 <body>
  <div align="center">
   <a href="../../../index.html"><img src="../../../images/nba.png"></a>
   <br></br>
  </div>
  <a href="../../../teams/goldena.html"><table bgcolor="white"><tr><td><font face="impact" color="red">&#9668;Назад</font></td></tr></table></a>
  <br></br>
  <div align="left">
   <table bgcolor="black">
    <tr>
     <td rowspan="9"><font face="impact" color="white"><img src="../../../teams/images/golden/5.jpg"></td>
     <td><font face="impact" color="white">Матчи</font></td>
     <td><font face="impact" color="white">33</font></td>
     <td><font face="impact" color="white"></font></td>
     <td><font face="impact" color="white">Передачи (всего/среднее)</font></td>
     <td><font face="impact" color="white">12</font></td>
     <td><font face="impact" color="white">0.4</font></td>     
    </tr>
    <tr>
     <td><font face="impact" color="white">В основе</font></td>
     <td><font face="impact" color="white"></font></td> 
     <td><font face="impact" color="white"></font></td>
     <td><font face="impact" color="white">Подборы в защите (всего/среднее)</font></td>
     <td><font face="impact" color="white">37</font></td>   
     <td><font face="impact" color="white">1.1</font></td>  
    </tr>
    <tr>
     <td><font face="impact" color="white">Время (всего/среднее)</font></td>
     <td><font face="impact" color="white">271:04</font></td>
     <td><font face="impact" color="white">8:13</font></td>
     <td><font face="impact" color="white">Подборы в атаке (всего/среднее)</font></td>
     <td><font face="impact" color="white">4</font></td>
     <td><font face="impact" color="white">0.1</font></td>   
    </tr>
    <tr>
     <td><font face="impact" color="white">Очки (всего/среднее)</font></td>
     <td><font face="impact" color="white">30</font></td>
     <td><font face="impact" color="white">0.9</font></td> 
     <td><font face="impact" color="white">Подборы (всего/среднее)</font></td>
     <td><font face="impact" color="white">41</font></td> 
     <td><font face="impact" color="white">1.2</font></td>    
    </tr>
    <tr>
     <td><font face="impact" color="white">2-очковые броски (всего/среднее)</font></td>
     <td><font face="impact" color="white">8/28</font></td>
     <td><font face="impact" color="white">0.2/0.8</font></td> 
     <td><font face="impact" color="white">Перехваты (всего/среднее)</font></td>
     <td><font face="impact" color="white">5</font></td> 
     <td><font face="impact" color="white">0.2</font></td>    
    </tr>
    <tr>
     <td><font face="impact" color="white">2-очковые броски (% реализации)</font></td>
     <td><font face="impact" color="white">28.6%</font></td>
     <td><font face="impact" color="white"></font></td> 
     <td><font face="impact" color="white">Потери (всего/среднее)</font></td>
     <td><font face="impact" color="white">10</font></td>  
     <td><font face="impact" color="white">0.3</font></td>   
    </tr>
    <tr>
     <td><font face="impact" color="white">3-очковые броски (всего/среднее)</font></td>
     <td><font face="impact" color="white">3/27</font></td>
     <td><font face="impact" color="white">0.1/0.8</font></td> 
     <td><font face="impact" color="white">Блокшоты (всего/среднее)</font></td>
     <td><font face="impact" color="white">12</font></td>
     <td><font face="impact" color="white">0.4</font></td>     
    </tr>
    <tr>
     <td><font face="impact" color="white">3-очковые броски (% реализации)</font></td>
     <td><font face="impact" color="white">11.1%</font></td>
     <td><font face="impact" color="white"></font></td> 
     <td><font face="impact" color="white">Блокшоты соперника (всего/среднее)</font></td>
     <td><font face="impact" color="white">5</font></td>
     <td><font face="impact" color="white">0.2</font></td>     
    </tr>
    <tr>
     <td><font face="impact" color="white">Штрафные броски (всего/среднее)</font></td>
     <td><font face="impact" color="white">5/11</font></td>
     <td><font face="impact" color="white">0.2/0.3</font></td> 
     <td><font face="impact" color="white">Фолы (всего/среднее)</font></td>
     <td><font face="impact" color="white">27</font></td>   
     <td><font face="impact" color="white">0.8</font></td>  
    </tr>
    <tr>
     <td align="center"><font face="impact" color="white">Брэндон Раш</font></td>
     <td><font face="impact" color="white">Штрафные броски (% реализации)</font></td>
     <td><font face="impact" color="white">45.5%</font></td>
     <td><font face="impact" color="white"></font></td> 
     <td><font face="impact" color="white">Коэффициент полезности (всего/среднее)</font></td>
     <td><font face="impact" color="white">8</font></td>  
     <td><font face="impact" color="white">0.2</font></td>   
    </tr>
   </table>
  </div> 
 </body> 
</html>